.

Finished in 0.00279 seconds (files took 0.0697 seconds to load)
1 example, 0 failures

